
C:\Users\yugol_000\veille\semaine_02>git add .
warning: LF will be replaced by CRLF in semaine_02/ex2/css/01_petit.css.
The file will have its original line endings in your working directory.
warning: LF will be replaced by CRLF in semaine_02/ex2/css/03_grand.css.
The file will have its original line endings in your working directory.
warning: LF will be replaced by CRLF in semaine_02/ex2/css/style.css.
The file will have its original line endings in your working directory.
warning: LF will be replaced by CRLF in semaine_02/ex2/less/03_grand.less.
The file will have its original line endings in your working directory.

C:\Users\yugol_000\veille\semaine_02>git status
On branch dev
Changes to be committed:
  (use "git reset HEAD <file>..." to unstage)

        modified:   ex2/css/01_petit.css
        modified:   ex2/css/03_grand.css
        modified:   ex2/css/style.css
        modified:   ex2/index.htm
        modified:   ex2/less/01_petit.less
        modified:   ex2/less/03_grand.less
        new file:   kay.svg

Untracked files:
  (use "git add <file>..." to include in what will be committed)

        ../semaine_01/


C:\Users\yugol_000\veille\semaine_02>git checkout master
error: Your local changes to the following files would be overwritten by checkout:
        semaine_02/ex2/css/01_petit.css
        semaine_02/ex2/css/style.css
        semaine_02/ex2/index.htm
        semaine_02/ex2/less/01_petit.less
Please commit your changes or stash them before you switch branches.
Aborting

C:\Users\yugol_000\veille\semaine_02>
C:\Users\yugol_000\veille\semaine_02>git add .

C:\Users\yugol_000\veille\semaine_02>git add .

C:\Users\yugol_000\veille\semaine_02>git commit
error: cannot spawn sublimetext3: No such file or directory
error: unable to start editor 'sublimetext3'
Please supply the message using either -m or -F option.

C:\Users\yugol_000\veille\semaine_02>git commit -m "svg"
[dev 4a387c7] svg
 7 files changed, 94 insertions(+), 15 deletions(-)
 create mode 100644 semaine_02/kay.svg

C:\Users\yugol_000\veille\semaine_02>git branch "svg"

C:\Users\yugol_000\veille\semaine_02>git add .

C:\Users\yugol_000\veille\semaine_02>node -v
'node' is not recognized as an internal or external command,
operable program or batch file.

C:\Users\yugol_000\veille\semaine_02>git status
On branch dev
Changes not staged for commit:
  (use "git add <file>..." to update what will be committed)
  (use "git checkout -- <file>..." to discard changes in working directory)

        modified:   ex2/index.htm

Untracked files:
  (use "git add <file>..." to include in what will be committed)

        ../semaine_01/
        ex2/svg/

no changes added to commit (use "git add" and/or "git commit -a")

C:\Users\yugol_000\veille\semaine_02>git add. .
git: 'add.' is not a git command. See 'git --help'.

Did you mean this?
        add

C:\Users\yugol_000\veille\semaine_02>git add .

C:\Users\yugol_000\veille\semaine_02>git branch master
fatal: A branch named 'master' already exists.

C:\Users\yugol_000\veille\semaine_02>git checkout master
error: Your local changes to the following files would be overwritten by checkout:
        semaine_02/ex2/index.htm
Please commit your changes or stash them before you switch branches.
Aborting

C:\Users\yugol_000\veille\semaine_02>git commit -m "svg"
[dev d0a0442] svg
 2 files changed, 10 insertions(+), 1 deletion(-)
 create mode 100644 semaine_02/ex2/svg/01-cercle.svg

C:\Users\yugol_000\veille\semaine_02>git checkout merge
error: pathspec 'merge' did not match any file(s) known to git.

C:\Users\yugol_000\veille\semaine_02>git checkout master
Your branch is up-to-date with 'origin/master'.
Switched to branch 'master'

C:\Users\yugol_000\veille\semaine_02>git merge svg
Updating d12b734..4a387c7
Fast-forward
 semaine_02/ex2/css/01_petit.css   | 19 +++++++++++--------
 semaine_02/ex2/css/03_grand.css   | 15 +++++++++++++++
 semaine_02/ex2/css/style.css      | 34 ++++++++++++++++++++++++++--------
 semaine_02/ex2/index.htm          | 29 ++++++++++++++++++++---------
 semaine_02/ex2/less/01_petit.less | 15 ++++++---------
 semaine_02/ex2/less/03_grand.less | 39 ++++++++++++++++++++++++++++++++++++++-
 semaine_02/kay.svg                |  1 +
 7 files changed, 117 insertions(+), 35 deletions(-)
 create mode 100644 semaine_02/kay.svg

C:\Users\yugol_000\veille\semaine_02>git merge dev
Updating 4a387c7..d0a0442
Fast-forward
 semaine_02/ex2/index.htm         | 2 +-
 semaine_02/ex2/svg/01-cercle.svg | 9 +++++++++
 2 files changed, 10 insertions(+), 1 deletion(-)
 create mode 100644 semaine_02/ex2/svg/01-cercle.svg

C:\Users\yugol_000\veille\semaine_02>git status
On branch master
Your branch is ahead of 'origin/master' by 3 commits.
  (use "git push" to publish your local commits)
Untracked files:
  (use "git add <file>..." to include in what will be committed)

        ../semaine_01/

nothing added to commit but untracked files present (use "git add" to track)

C:\Users\yugol_000\veille\semaine_02>git add .

C:\Users\yugol_000\veille\semaine_02>git remote add origin remote repository https://github.com/yugo0364/exveille
usage: git remote add [<options>] <name> <url>

    -f, --fetch           fetch the remote branches
    --tags                import all tags and associated objects when fetching
                          or do not fetch any tag at all (--no-tags)
    -t, --track <branch>  branch(es) to track
    -m, --master <branch>
                          master branch
    --mirror[=<push|fetch>]
                          set up remote as a mirror to push to or fetch from


C:\Users\yugol_000\veille\semaine_02>git push origin master
Counting objects: 30, done.
Delta compression using up to 4 threads.
Compressing objects: 100% (25/25), done.
Writing objects: 100% (30/30), 3.69 KiB | 0 bytes/s, done.
Total 30 (delta 15), reused 0 (delta 0)
remote: Resolving deltas: 100% (15/15), completed with 7 local objects.
To https://github.com/yugo0364/exveille.git
   d12b734..d0a0442  master -> master

C:\Users\yugol_000\veille\semaine_02>git push origin master
Everything up-to-date

C:\Users\yugol_000\veille\semaine_02>